// Jest Snapshot v1, https://goo.gl/fbAQLP

exports[`<LoadingIndicator /> matches snapshot 1`] = `
<DocumentFragment>
  <div
    class="css-8a5j6a"
  >
    <div
      class="css-176esrn"
    >
      <div />
      <div />
    </div>
  </div>
</DocumentFragment>
`;
