// Jest Snapshot v1, https://goo.gl/fbAQLP

exports[`<GuessInput /> matches snapshot 1`] = `
<DocumentFragment>
  <div
    class="css-8a5j6a"
  >
    <div
      class="css-1y1x0iw"
    >
      0
    </div>
  </div>
</DocumentFragment>
`;
