// Jest Snapshot v1, https://goo.gl/fbAQLP

exports[`<GuessBox /> matches snapshot 1`] = `
<DocumentFragment>
  <div
    class="css-16fnzg4"
  >
    <input
      class="css-rznvji"
      inputmode="numeric"
      pattern="[0-9]"
      type="text"
      value=""
    />
    <div
      style="flex: 0.05;"
    />
    <button
      class="css-1w798tj"
    >
      Guess
    </button>
  </div>
</DocumentFragment>
`;
