// Jest Snapshot v1, https://goo.gl/fbAQLP

exports[`<Package /> matches snapshot 1`] = `<DocumentFragment />`;
