// Jest Snapshot v1, https://goo.gl/fbAQLP

exports[`<Center /> matches snapshot 1`] = `
<DocumentFragment>
  <div
    class="css-8a5j6a"
  >
    Test
  </div>
</DocumentFragment>
`;
