// Jest Snapshot v1, https://goo.gl/fbAQLP

exports[`<Header /> matches snapshot 1`] = `
<DocumentFragment>
  <div
    class="css-denbe-Header"
  >
    <a
      href="/"
    >
      <div
        class="css-bof962-Header"
      >
        npmb
        <span
          class="css-1bxjuaj-Header"
        >
          ðŸ’£
        </span>
        mb
      </div>
    </a>
    <div
      class="css-fz30dm-Header"
    >
      Guess NPM dependencies
    </div>
  </div>
</DocumentFragment>
`;
