// Jest Snapshot v1, https://goo.gl/fbAQLP

exports[`<Divider /> matches snapshot 1`] = `
<DocumentFragment>
  <div
    class="css-khmwet"
    style="margin: 1rem;"
  />
</DocumentFragment>
`;
