// Jest Snapshot v1, https://goo.gl/fbAQLP

exports[`<GuessInput /> matches snapshot 1`] = `
<DocumentFragment>
  <div
    class="css-1s5mim2-GuessInput"
  >
    <input
      class="css-1kharvp-GuessInput"
      inputmode="numeric"
      pattern="[0-9]"
      type="text"
      value=""
    />
    <div
      style="flex: 0.05;"
    />
    <button
      class="css-kpidjw-PrimaryButton"
    >
      Guess
    </button>
  </div>
</DocumentFragment>
`;
