// Jest Snapshot v1, https://goo.gl/fbAQLP

exports[`<ResultsTable /> matches snapshot 1`] = `
<DocumentFragment>
  <div
    class="css-1xvm6s7"
  >
    <div>
      1
    </div>
    <div>
      <span
        class="css-1naol83"
      >
        2
      </span>
    </div>
    <div>
      3
    </div>
    <div>
      4
    </div>
  </div>
</DocumentFragment>
`;
