// Jest Snapshot v1, https://goo.gl/fbAQLP

exports[`<Overview /> matches snapshot 1`] = `
<DocumentFragment>
  <div
    class="css-3f2zt9-Center"
  >
    <div
      class="css-1k3y3xi"
    >
      <div />
      <div />
    </div>
  </div>
</DocumentFragment>
`;
